// Jest Snapshot v1, https://goo.gl/fbAQLP

exports[`loadHerebyfile: herebyfile 1`] = `
Object {
  "defaultTask": Task {
    "options": Object {
      "dependencies": Array [
        Task {
          "options": Object {
            "dependencies": Array [
              Task {
                "options": Object {
                  "name": "a",
                  "run": [Function],
                },
              },
              Task {
                "options": Object {
                  "description": "This is some long description of b. It's pretty long, and goes into detail about why we want to do b.",
                  "name": "b",
                  "run": [Function],
                },
              },
              Task {
                "options": Object {
                  "dependencies": Array [
                    Task {
                      "options": Object {
                        "description": "This is some long description of b. It's pretty long, and goes into detail about why we want to do b.",
                        "name": "b",
                        "run": [Function],
                      },
                    },
                  ],
                  "name": "c",
                  "run": [Function],
                },
              },
            ],
            "description": "This thing builds the compiler. Neat, right?",
            "name": "buildCompiler",
            "run": [Function],
          },
        },
      ],
      "name": "runSomeProgram",
      "run": [Function],
    },
  },
  "path": "/home/jake/work/hereby/src/cli/__testdata__/normalHerebyfile.mjs",
  "tasks": Array [
    Task {
      "options": Object {
        "name": "a",
        "run": [Function],
      },
    },
    Task {
      "options": Object {
        "description": "This is some long description of b. It's pretty long, and goes into detail about why we want to do b.",
        "name": "b",
        "run": [Function],
      },
    },
    Task {
      "options": Object {
        "dependencies": Array [
          Task {
            "options": Object {
              "name": "a",
              "run": [Function],
            },
          },
          Task {
            "options": Object {
              "description": "This is some long description of b. It's pretty long, and goes into detail about why we want to do b.",
              "name": "b",
              "run": [Function],
            },
          },
          Task {
            "options": Object {
              "dependencies": Array [
                Task {
                  "options": Object {
                    "description": "This is some long description of b. It's pretty long, and goes into detail about why we want to do b.",
                    "name": "b",
                    "run": [Function],
                  },
                },
              ],
              "name": "c",
              "run": [Function],
            },
          },
        ],
        "description": "This thing builds the compiler. Neat, right?",
        "name": "buildCompiler",
        "run": [Function],
      },
    },
    Task {
      "options": Object {
        "dependencies": Array [
          Task {
            "options": Object {
              "description": "This is some long description of b. It's pretty long, and goes into detail about why we want to do b.",
              "name": "b",
              "run": [Function],
            },
          },
        ],
        "name": "c",
        "run": [Function],
      },
    },
    Task {
      "options": Object {
        "dependencies": Array [
          Task {
            "options": Object {
              "dependencies": Array [
                Task {
                  "options": Object {
                    "name": "a",
                    "run": [Function],
                  },
                },
                Task {
                  "options": Object {
                    "description": "This is some long description of b. It's pretty long, and goes into detail about why we want to do b.",
                    "name": "b",
                    "run": [Function],
                  },
                },
                Task {
                  "options": Object {
                    "dependencies": Array [
                      Task {
                        "options": Object {
                          "description": "This is some long description of b. It's pretty long, and goes into detail about why we want to do b.",
                          "name": "b",
                          "run": [Function],
                        },
                      },
                    ],
                    "name": "c",
                    "run": [Function],
                  },
                },
              ],
              "description": "This thing builds the compiler. Neat, right?",
              "name": "buildCompiler",
              "run": [Function],
            },
          },
        ],
        "name": "runSomeProgram",
        "run": [Function],
      },
    },
  ],
}
`;
