// Jest Snapshot v1, https://goo.gl/fbAQLP

exports[`printTasks: stdout 1`] = `
"
[4m[1mAvailable tasks[22m[24m

  [34ma[39m             This is task a. It works pretty well.                           
  [34mc[39m             This is task c. This is task c. This is task c. This is task c. 
                This is task c. This is task c. This is task c. This is task    
                c. This is task c. This is task c.                              
                Depends on: [34ma[39m, [34mb[39m                                                
  [34md[39m (default)                                                                   
"
`;
